Archive member included because of file (symbol)

c:/winavr-20100110/bin/../lib/gcc/avr/4.3.3/avr5\libgcc.a(_divmodhi4.o)
                              ./main.o (__divmodhi4)
c:/winavr-20100110/bin/../lib/gcc/avr/4.3.3/avr5\libgcc.a(_exit.o)
                              c:/winavr-20100110/bin/../lib/gcc/avr/4.3.3/../../../../avr/lib/avr5/crtm328p.o (exit)
c:/winavr-20100110/bin/../lib/gcc/avr/4.3.3/avr5\libgcc.a(_copy_data.o)
                              ./nrf24l01/nrf24l01.o (__do_copy_data)
c:/winavr-20100110/bin/../lib/gcc/avr/4.3.3/avr5\libgcc.a(_clear_bss.o)
                              ./pcf8574/pcf8574.o (__do_clear_bss)
c:/winavr-20100110/bin/../lib/gcc/avr/4.3.3/avr5\libgcc.a(_udivmodhi4.o)
                              c:/winavr-20100110/bin/../lib/gcc/avr/4.3.3/avr5\libgcc.a(_divmodhi4.o) (__udivmodhi4)
c:/winavr-20100110/bin/../lib/gcc/avr/4.3.3/../../../../avr/lib/avr5\libc.a(strstr.o)
                              ./komunikacja/komunikacja.o (strstr)
c:/winavr-20100110/bin/../lib/gcc/avr/4.3.3/../../../../avr/lib/avr5\libc.a(itoa.o)
                              ./lcdpcf8574_PL/lcdpcf8574_PL.o (itoa)
c:/winavr-20100110/bin/../lib/gcc/avr/4.3.3/../../../../avr/lib/avr5\libc.a(sprintf.o)
                              ./nrf24l01/nrf24l01.o (sprintf)
c:/winavr-20100110/bin/../lib/gcc/avr/4.3.3/../../../../avr/lib/avr5\libc.a(vfprintf_std.o)
                              c:/winavr-20100110/bin/../lib/gcc/avr/4.3.3/../../../../avr/lib/avr5\libc.a(sprintf.o) (vfprintf)
c:/winavr-20100110/bin/../lib/gcc/avr/4.3.3/../../../../avr/lib/avr5\libc.a(eerd_byte_atmega328p.o)
                              ./main.o (__eerd_byte_m328p)
c:/winavr-20100110/bin/../lib/gcc/avr/4.3.3/../../../../avr/lib/avr5\libc.a(strnlen_P.o)
                              c:/winavr-20100110/bin/../lib/gcc/avr/4.3.3/../../../../avr/lib/avr5\libc.a(vfprintf_std.o) (strnlen_P)
c:/winavr-20100110/bin/../lib/gcc/avr/4.3.3/../../../../avr/lib/avr5\libc.a(strnlen.o)
                              c:/winavr-20100110/bin/../lib/gcc/avr/4.3.3/../../../../avr/lib/avr5\libc.a(vfprintf_std.o) (strnlen)
c:/winavr-20100110/bin/../lib/gcc/avr/4.3.3/../../../../avr/lib/avr5\libc.a(strrev.o)
                              c:/winavr-20100110/bin/../lib/gcc/avr/4.3.3/../../../../avr/lib/avr5\libc.a(itoa.o) (strrev)
c:/winavr-20100110/bin/../lib/gcc/avr/4.3.3/../../../../avr/lib/avr5\libc.a(fputc.o)
                              c:/winavr-20100110/bin/../lib/gcc/avr/4.3.3/../../../../avr/lib/avr5\libc.a(vfprintf_std.o) (fputc)
c:/winavr-20100110/bin/../lib/gcc/avr/4.3.3/../../../../avr/lib/avr5\libc.a(ultoa_invert.o)
                              c:/winavr-20100110/bin/../lib/gcc/avr/4.3.3/../../../../avr/lib/avr5\libc.a(vfprintf_std.o) (__ultoa_invert)
c:/winavr-20100110/bin/../lib/gcc/avr/4.3.3/avr5\libgcc.a(_prologue.o)
                              c:/winavr-20100110/bin/../lib/gcc/avr/4.3.3/../../../../avr/lib/avr5\libc.a(sprintf.o) (__prologue_saves__)
c:/winavr-20100110/bin/../lib/gcc/avr/4.3.3/avr5\libgcc.a(_epilogue.o)
                              c:/winavr-20100110/bin/../lib/gcc/avr/4.3.3/../../../../avr/lib/avr5\libc.a(sprintf.o) (__epilogue_restores__)

Allocating common symbols
Common symbol       size              file

temp1_n             0x1               ./main.o
moj_adres           0x1               ./main.o
temp1_d             0x1               ./main.o
obcy_adres          0x1               ./main.o
temp2               0x1               ./main.o
temp2_n             0x1               ./main.o
bufferin            0x6               ./main.o
licznik_k           0x2               ./main.o
temp                0x2               ./main.o
pcf8574_pinstatus   0x8               ./pcf8574/pcf8574.o
numer_seryjny       0x8               ./main.o
czy_on              0x1               ./main.o
znak2               0x4               ./main.o
rejestr             0x5               ./netlayer/netlayer.o
temp1               0x1               ./main.o
czy_noc             0x1               ./main.o
odt                 0x1               ./main.o
bufferout           0x2               ./main.o
licznik             0x2               ./main.o
histereza           0x1               ./main.o
temp2_d             0x1               ./main.o
keyb                0x4               ./main.o
ds18b20_pad         0x9               ./main.o
odb                 0x1               ./main.o

Memory Configuration

Name             Origin             Length             Attributes
text             0x00000000         0x00020000         xr
data             0x00800060         0x0000ffa0         rw !x
eeprom           0x00810000         0x00010000         rw !x
fuse             0x00820000         0x00000400         rw !x
lock             0x00830000         0x00000400         rw !x
signature        0x00840000         0x00000400         rw !x
*default*        0x00000000         0xffffffff

Linker script and memory map

Address of section .data set to 0x800100
LOAD c:/winavr-20100110/bin/../lib/gcc/avr/4.3.3/../../../../avr/lib/avr5/crtm328p.o
LOAD ./spi/spi.o
LOAD ./pcf8574/pcf8574.o
LOAD ./nrf24l01/nrf24l01.o
LOAD ./netlayer/netlayer.o
LOAD ./lcdpcf8574_PL/lcdpcf8574_PL.o
LOAD ./komunikacja/komunikacja.o
LOAD ./i2chw/twimaster.o
LOAD ./ds18b20/ds18b20.o
LOAD ./ds18b20/onewire.o
LOAD ./ESP8266/esp8266.o
LOAD ./main.o
LOAD ./uart.o
LOAD c:/winavr-20100110/bin/../lib/gcc/avr/4.3.3/avr5\libgcc.a
LOAD c:/winavr-20100110/bin/../lib/gcc/avr/4.3.3/../../../../avr/lib/avr5\libc.a
LOAD c:/winavr-20100110/bin/../lib/gcc/avr/4.3.3/avr5\libgcc.a

.hash
 *(.hash)

.dynsym
 *(.dynsym)

.dynstr
 *(.dynstr)

.gnu.version
 *(.gnu.version)

.gnu.version_d
 *(.gnu.version_d)

.gnu.version_r
 *(.gnu.version_r)

.rel.init
 *(.rel.init)

.rela.init
 *(.rela.init)

.rel.text
 *(.rel.text)
 *(.rel.text.*)
 *(.rel.gnu.linkonce.t*)

.rela.text
 *(.rela.text)
 *(.rela.text.*)
 *(.rela.gnu.linkonce.t*)

.rel.fini
 *(.rel.fini)

.rela.fini
 *(.rela.fini)

.rel.rodata
 *(.rel.rodata)
 *(.rel.rodata.*)
 *(.rel.gnu.linkonce.r*)

.rela.rodata
 *(.rela.rodata)
 *(.rela.rodata.*)
 *(.rela.gnu.linkonce.r*)

.rel.data
 *(.rel.data)
 *(.rel.data.*)
 *(.rel.gnu.linkonce.d*)

.rela.data
 *(.rela.data)
 *(.rela.data.*)
 *(.rela.gnu.linkonce.d*)

.rel.ctors
 *(.rel.ctors)

.rela.ctors
 *(.rela.ctors)

.rel.dtors
 *(.rel.dtors)

.rela.dtors
 *(.rela.dtors)

.rel.got
 *(.rel.got)

.rela.got
 *(.rela.got)

.rel.bss
 *(.rel.bss)

.rela.bss
 *(.rela.bss)

.rel.plt
 *(.rel.plt)

.rela.plt
 *(.rela.plt)

.text           0x00000000     0x2cea
 *(.vectors)
 .vectors       0x00000000       0x68 c:/winavr-20100110/bin/../lib/gcc/avr/4.3.3/../../../../avr/lib/avr5/crtm328p.o
                0x00000000                __vectors
                0x00000000                __vector_default
 *(.vectors)
 *(.progmem.gcc*)
 *(.progmem*)
 .progmem.data  0x00000068        0xc ./netlayer/netlayer.o
 .progmem.data  0x00000074       0x40 ./lcdpcf8574_PL/lcdpcf8574_PL.o
                0x00000074                __PLchars
 .progmem.data  0x000000b4      0x49f ./ESP8266/esp8266.o
                0x00000538                HTML_strona2
                0x00000547                tablica_HTML
                0x000000b4                HTML_strona1
 .progmem.data  0x00000553       0x91 ./main.o
                0x000005e4                . = ALIGN (0x2)
                0x000005e4                __trampolines_start = .
 *(.trampolines)
 .trampolines   0x000005e4        0x0 linker stubs
 *(.trampolines*)
                0x000005e4                __trampolines_end = .
 *(.jumptables)
 *(.jumptables*)
 *(.lowtext)
 *(.lowtext*)
                0x000005e4                __ctors_start = .
 *(.ctors)
                0x000005e4                __ctors_end = .
                0x000005e4                __dtors_start = .
 *(.dtors)
                0x000005e4                __dtors_end = .
 SORT(*)(.ctors)
 SORT(*)(.dtors)
 *(.init0)
 .init0         0x000005e4        0x0 c:/winavr-20100110/bin/../lib/gcc/avr/4.3.3/../../../../avr/lib/avr5/crtm328p.o
                0x000005e4                __init
 *(.init0)
 *(.init1)
 *(.init1)
 *(.init2)
 .init2         0x000005e4        0xc c:/winavr-20100110/bin/../lib/gcc/avr/4.3.3/../../../../avr/lib/avr5/crtm328p.o
 *(.init2)
 *(.init3)
 *(.init3)
 *(.init4)
 .init4         0x000005f0       0x16 c:/winavr-20100110/bin/../lib/gcc/avr/4.3.3/avr5\libgcc.a(_copy_data.o)
                0x000005f0                __do_copy_data
 .init4         0x00000606       0x10 c:/winavr-20100110/bin/../lib/gcc/avr/4.3.3/avr5\libgcc.a(_clear_bss.o)
                0x00000606                __do_clear_bss
 *(.init4)
 *(.init5)
 *(.init5)
 *(.init6)
 *(.init6)
 *(.init7)
 *(.init7)
 *(.init8)
 *(.init8)
 *(.init9)
 .init9         0x00000616        0x8 c:/winavr-20100110/bin/../lib/gcc/avr/4.3.3/../../../../avr/lib/avr5/crtm328p.o
 *(.init9)
 *(.text)
 .text          0x0000061e        0x4 c:/winavr-20100110/bin/../lib/gcc/avr/4.3.3/../../../../avr/lib/avr5/crtm328p.o
                0x0000061e                __vector_22
                0x0000061e                __vector_1
                0x0000061e                __vector_24
                0x0000061e                __vector_12
                0x0000061e                __bad_interrupt
                0x0000061e                __vector_6
                0x0000061e                __vector_3
                0x0000061e                __vector_23
                0x0000061e                __vector_25
                0x0000061e                __vector_13
                0x0000061e                __vector_17
                0x0000061e                __vector_7
                0x0000061e                __vector_5
                0x0000061e                __vector_4
                0x0000061e                __vector_9
                0x0000061e                __vector_2
                0x0000061e                __vector_21
                0x0000061e                __vector_15
                0x0000061e                __vector_8
                0x0000061e                __vector_14
                0x0000061e                __vector_10
                0x0000061e                __vector_16
                0x0000061e                __vector_20
 .text          0x00000622       0x22 ./spi/spi.o
                0x00000622                spi_init
                0x00000638                spi_writereadbyte
 .text          0x00000644      0x1ec ./pcf8574/pcf8574.o
                0x00000752                pcf8574_setoutputpins
                0x00000644                pcf8574_getoutput
                0x00000658                pcf8574_getoutputpin
                0x0000074a                pcf8574_setoutputpinhigh
                0x00000682                pcf8574_getinput
                0x00000742                pcf8574_setoutputpinlow
                0x000006ac                pcf8574_getinputpin
                0x00000810                pcf8574_init
                0x000007e2                pcf8574_setoutput
                0x000006da                pcf8574_setoutputpin
 .text          0x00000830      0x7ae ./nrf24l01/nrf24l01.o
                0x00000962                nrf24l01_readregister
                0x00000986                nrf24l01_setdatarate
                0x00000830                nrf24l01_getstatus
                0x000008d2                nrf24l01_read
                0x00000c30                nrf24l01_settxaddr
                0x00000860                nrf24l01_flushTXfifo
                0x00000d98                nrf24l01_setRX
                0x0000083c                nrf24l01_readready
                0x000009e4                nrf24l01_printinfo
                0x00000dde                nrf24l01_write
                0x00000c10                nrf24l01_revaddress
                0x000009ac                nrf24l01_setTX
                0x000008b8                nrf24l01_writeregister
                0x00000e64                nrf24l01_init
                0x0000086c                nrf24l01_flushRXfifo
                0x00000922                nrf24l01_readregisters
                0x00000974                nrf24l01_setcrclength
                0x0000099a                nrf24l01_setpalevel
                0x00000c8a                nrf24l01_setrxaddr
                0x00000878                nrf24l01_writeregisters
 .text          0x00000fde      0x2e4 ./netlayer/netlayer.o
                0x0000105a                odczytaj
                0x00000fe0                check_crc
                0x00001006                blink
                0x00000fde                safeConvert
                0x0000118e                wyslij
 .text          0x000012c2      0x482 ./lcdpcf8574_PL/lcdpcf8574_PL.o
                0x00001516                lcd_data
                0x000015f8                lcd_gotoxy
                0x000012c2                lcd_led
                0x00001618                lcd_putc
                0x0000153e                lcd_home
                0x00001546                lcd_clrscr
                0x00001478                lcd_PL_ini
                0x0000150e                lcd_getxy
                0x00001438                lcd_defchar
                0x000016e8                lcd_puts
                0x000016cc                lcd_puts_p
                0x0000154e                lcd_init
                0x00001700                lcd_int
                0x0000152a                lcd_command
 .text          0x00001744      0x454 ./komunikacja/komunikacja.o
                0x00001800                oczekuj_ciag
                0x00001876                odbierz_ciag
                0x000018bc                odbierz
                0x00001744                wyslij_SMS
                0x0000197e                sim_info
                0x000019ea                odbierz_komende
                0x00001938                text_mode
                0x000019a2                lista_SMS
                0x00001912                komenda_AT
                0x000019c6                pokaz_siec
 .text          0x00001b98      0x10a ./i2chw/twimaster.o
                0x00001c56                i2c_write
                0x00001c8e                i2c_readNak
                0x00001c7a                i2c_readAck
                0x00001c40                i2c_rep_start
                0x00001ba4                i2c_start
                0x00001c46                i2c_stop
                0x00001bf0                i2c_start_wait
                0x00001b98                i2c_init
 .text          0x00001ca2       0x64 ./ds18b20/ds18b20.o
                0x00001ca2                ds18b20_ConvertT
                0x00001cba                ds18b20_Read
 .text          0x00001d06       0xe6 ./ds18b20/onewire.o
                0x00001de8                searchROM1Wire
                0x00001d4a                OneWireWriteByte
                0x00001dac                OneWireSearchRom
                0x00001d7e                OneWireReadByte
                0x00001d14                OneWireReset
                0x00001d06                OneWireStrong
 .text          0x00001dec       0x68 ./ESP8266/esp8266.o
                0x00001dec                esp8266_ini
 .text          0x00001e54      0x64e ./main.o
                0x0000206c                wyswietl_LCD_test
                0x00002382                eeprom
                0x00001e54                czy_wlaczyc
                0x0000229e                ekran_powitalny
                0x00001fa8                __vector_11
                0x00001f68                klawiatura
                0x00002038                Timer1Init
                0x00002452                main
                0x0000214e                wyswietl_LCD
                0x000023f2                odczyt_temp
                0x00001f7a                inout_init
 .text          0x000024a2      0x1a0 ./uart.o
                0x0000261e                uart_available
                0x000025e8                uart_puts
                0x00002602                uart_puts_p
                0x000024fa                __vector_19
                0x0000254e                uart_init
                0x00002582                uart_getc
                0x000025bc                uart_putc
                0x00002638                uart_flush
                0x000024a2                __vector_18
 .text          0x00002642        0x0 c:/winavr-20100110/bin/../lib/gcc/avr/4.3.3/avr5\libgcc.a(_divmodhi4.o)
 .text          0x00002642        0x0 c:/winavr-20100110/bin/../lib/gcc/avr/4.3.3/avr5\libgcc.a(_exit.o)
 .text          0x00002642        0x0 c:/winavr-20100110/bin/../lib/gcc/avr/4.3.3/avr5\libgcc.a(_copy_data.o)
 .text          0x00002642        0x0 c:/winavr-20100110/bin/../lib/gcc/avr/4.3.3/avr5\libgcc.a(_clear_bss.o)
 .text          0x00002642        0x0 c:/winavr-20100110/bin/../lib/gcc/avr/4.3.3/avr5\libgcc.a(_udivmodhi4.o)
 .text          0x00002642        0x0 c:/winavr-20100110/bin/../lib/gcc/avr/4.3.3/../../../../avr/lib/avr5\libc.a(strstr.o)
 .text          0x00002642        0x0 c:/winavr-20100110/bin/../lib/gcc/avr/4.3.3/../../../../avr/lib/avr5\libc.a(itoa.o)
 .text          0x00002642        0x0 c:/winavr-20100110/bin/../lib/gcc/avr/4.3.3/../../../../avr/lib/avr5\libc.a(sprintf.o)
 .text          0x00002642        0x0 c:/winavr-20100110/bin/../lib/gcc/avr/4.3.3/../../../../avr/lib/avr5\libc.a(vfprintf_std.o)
 .text          0x00002642        0x0 c:/winavr-20100110/bin/../lib/gcc/avr/4.3.3/../../../../avr/lib/avr5\libc.a(eerd_byte_atmega328p.o)
 .text          0x00002642        0x0 c:/winavr-20100110/bin/../lib/gcc/avr/4.3.3/../../../../avr/lib/avr5\libc.a(strnlen_P.o)
 .text          0x00002642        0x0 c:/winavr-20100110/bin/../lib/gcc/avr/4.3.3/../../../../avr/lib/avr5\libc.a(strnlen.o)
 .text          0x00002642        0x0 c:/winavr-20100110/bin/../lib/gcc/avr/4.3.3/../../../../avr/lib/avr5\libc.a(strrev.o)
 .text          0x00002642        0x0 c:/winavr-20100110/bin/../lib/gcc/avr/4.3.3/../../../../avr/lib/avr5\libc.a(fputc.o)
 .text          0x00002642        0x0 c:/winavr-20100110/bin/../lib/gcc/avr/4.3.3/../../../../avr/lib/avr5\libc.a(ultoa_invert.o)
 .text          0x00002642        0x0 c:/winavr-20100110/bin/../lib/gcc/avr/4.3.3/avr5\libgcc.a(_prologue.o)
 .text          0x00002642        0x0 c:/winavr-20100110/bin/../lib/gcc/avr/4.3.3/avr5\libgcc.a(_epilogue.o)
                0x00002642                . = ALIGN (0x2)
 *(.text.*)
 .text.libgcc   0x00002642       0x26 c:/winavr-20100110/bin/../lib/gcc/avr/4.3.3/avr5\libgcc.a(_divmodhi4.o)
                0x00002642                __divmodhi4
                0x00002642                _div
 .text.libgcc   0x00002668        0x0 c:/winavr-20100110/bin/../lib/gcc/avr/4.3.3/avr5\libgcc.a(_exit.o)
 .text.libgcc   0x00002668        0x0 c:/winavr-20100110/bin/../lib/gcc/avr/4.3.3/avr5\libgcc.a(_copy_data.o)
 .text.libgcc   0x00002668        0x0 c:/winavr-20100110/bin/../lib/gcc/avr/4.3.3/avr5\libgcc.a(_clear_bss.o)
 .text.libgcc   0x00002668       0x28 c:/winavr-20100110/bin/../lib/gcc/avr/4.3.3/avr5\libgcc.a(_udivmodhi4.o)
                0x00002668                __udivmodhi4
 .text.avr-libc
                0x00002690       0x34 c:/winavr-20100110/bin/../lib/gcc/avr/4.3.3/../../../../avr/lib/avr5\libc.a(strstr.o)
                0x00002690                strstr
 .text.avr-libc
                0x000026c4       0x42 c:/winavr-20100110/bin/../lib/gcc/avr/4.3.3/../../../../avr/lib/avr5\libc.a(itoa.o)
                0x000026c4                itoa
 .text.avr-libc
                0x00002706       0x48 c:/winavr-20100110/bin/../lib/gcc/avr/4.3.3/../../../../avr/lib/avr5\libc.a(sprintf.o)
                0x00002706                sprintf
 .text.avr-libc
                0x0000274e      0x3ba c:/winavr-20100110/bin/../lib/gcc/avr/4.3.3/../../../../avr/lib/avr5\libc.a(vfprintf_std.o)
                0x0000274e                vfprintf
 .text.avr-libc
                0x00002b08       0x10 c:/winavr-20100110/bin/../lib/gcc/avr/4.3.3/../../../../avr/lib/avr5\libc.a(eerd_byte_atmega328p.o)
                0x00002b08                __eerd_byte_m328p
 .text.avr-libc
                0x00002b18       0x16 c:/winavr-20100110/bin/../lib/gcc/avr/4.3.3/../../../../avr/lib/avr5\libc.a(strnlen_P.o)
                0x00002b18                strnlen_P
 .text.avr-libc
                0x00002b2e       0x16 c:/winavr-20100110/bin/../lib/gcc/avr/4.3.3/../../../../avr/lib/avr5\libc.a(strnlen.o)
                0x00002b2e                strnlen
 .text.avr-libc
                0x00002b44       0x20 c:/winavr-20100110/bin/../lib/gcc/avr/4.3.3/../../../../avr/lib/avr5\libc.a(strrev.o)
                0x00002b44                strrev
 .text.avr-libc
                0x00002b64       0x58 c:/winavr-20100110/bin/../lib/gcc/avr/4.3.3/../../../../avr/lib/avr5\libc.a(fputc.o)
                0x00002b64                fputc
 .text.avr-libc
                0x00002bbc       0xbc c:/winavr-20100110/bin/../lib/gcc/avr/4.3.3/../../../../avr/lib/avr5\libc.a(ultoa_invert.o)
                0x00002bbc                __ultoa_invert
 .text.libgcc   0x00002c78       0x38 c:/winavr-20100110/bin/../lib/gcc/avr/4.3.3/avr5\libgcc.a(_prologue.o)
                0x00002c78                __prologue_saves__
 .text.libgcc   0x00002cb0       0x36 c:/winavr-20100110/bin/../lib/gcc/avr/4.3.3/avr5\libgcc.a(_epilogue.o)
                0x00002cb0                __epilogue_restores__
                0x00002ce6                . = ALIGN (0x2)
 *(.fini9)
 .fini9         0x00002ce6        0x0 c:/winavr-20100110/bin/../lib/gcc/avr/4.3.3/avr5\libgcc.a(_exit.o)
                0x00002ce6                exit
                0x00002ce6                _exit
 *(.fini9)
 *(.fini8)
 *(.fini8)
 *(.fini7)
 *(.fini7)
 *(.fini6)
 *(.fini6)
 *(.fini5)
 *(.fini5)
 *(.fini4)
 *(.fini4)
 *(.fini3)
 *(.fini3)
 *(.fini2)
 *(.fini2)
 *(.fini1)
 *(.fini1)
 *(.fini0)
 .fini0         0x00002ce6        0x4 c:/winavr-20100110/bin/../lib/gcc/avr/4.3.3/avr5\libgcc.a(_exit.o)
 *(.fini0)
                0x00002cea                _etext = .

.data           0x00800100      0x1a6 load address 0x00002cea
                0x00800100                PROVIDE (__data_start, .)
 *(.data)
 .data          0x00800100        0x0 c:/winavr-20100110/bin/../lib/gcc/avr/4.3.3/../../../../avr/lib/avr5/crtm328p.o
 .data          0x00800100        0x0 ./spi/spi.o
 .data          0x00800100        0x0 ./pcf8574/pcf8574.o
 .data          0x00800100       0x9d ./nrf24l01/nrf24l01.o
 .data          0x0080019d        0x0 ./netlayer/netlayer.o
 .data          0x0080019d        0x0 ./lcdpcf8574_PL/lcdpcf8574_PL.o
 .data          0x0080019d       0xfb ./komunikacja/komunikacja.o
 .data          0x00800298        0x0 ./i2chw/twimaster.o
 .data          0x00800298        0x0 ./ds18b20/ds18b20.o
 .data          0x00800298        0x0 ./ds18b20/onewire.o
 .data          0x00800298        0x0 ./ESP8266/esp8266.o
 .data          0x00800298        0xe ./main.o
                0x0080029f                fwv
                0x00800298                i
 .data          0x008002a6        0x0 ./uart.o
 .data          0x008002a6        0x0 c:/winavr-20100110/bin/../lib/gcc/avr/4.3.3/avr5\libgcc.a(_divmodhi4.o)
 .data          0x008002a6        0x0 c:/winavr-20100110/bin/../lib/gcc/avr/4.3.3/avr5\libgcc.a(_exit.o)
 .data          0x008002a6        0x0 c:/winavr-20100110/bin/../lib/gcc/avr/4.3.3/avr5\libgcc.a(_copy_data.o)
 .data          0x008002a6        0x0 c:/winavr-20100110/bin/../lib/gcc/avr/4.3.3/avr5\libgcc.a(_clear_bss.o)
 .data          0x008002a6        0x0 c:/winavr-20100110/bin/../lib/gcc/avr/4.3.3/avr5\libgcc.a(_udivmodhi4.o)
 .data          0x008002a6        0x0 c:/winavr-20100110/bin/../lib/gcc/avr/4.3.3/../../../../avr/lib/avr5\libc.a(strstr.o)
 .data          0x008002a6        0x0 c:/winavr-20100110/bin/../lib/gcc/avr/4.3.3/../../../../avr/lib/avr5\libc.a(itoa.o)
 .data          0x008002a6        0x0 c:/winavr-20100110/bin/../lib/gcc/avr/4.3.3/../../../../avr/lib/avr5\libc.a(sprintf.o)
 .data          0x008002a6        0x0 c:/winavr-20100110/bin/../lib/gcc/avr/4.3.3/../../../../avr/lib/avr5\libc.a(vfprintf_std.o)
 .data          0x008002a6        0x0 c:/winavr-20100110/bin/../lib/gcc/avr/4.3.3/../../../../avr/lib/avr5\libc.a(eerd_byte_atmega328p.o)
 .data          0x008002a6        0x0 c:/winavr-20100110/bin/../lib/gcc/avr/4.3.3/../../../../avr/lib/avr5\libc.a(strnlen_P.o)
 .data          0x008002a6        0x0 c:/winavr-20100110/bin/../lib/gcc/avr/4.3.3/../../../../avr/lib/avr5\libc.a(strnlen.o)
 .data          0x008002a6        0x0 c:/winavr-20100110/bin/../lib/gcc/avr/4.3.3/../../../../avr/lib/avr5\libc.a(strrev.o)
 .data          0x008002a6        0x0 c:/winavr-20100110/bin/../lib/gcc/avr/4.3.3/../../../../avr/lib/avr5\libc.a(fputc.o)
 .data          0x008002a6        0x0 c:/winavr-20100110/bin/../lib/gcc/avr/4.3.3/../../../../avr/lib/avr5\libc.a(ultoa_invert.o)
 .data          0x008002a6        0x0 c:/winavr-20100110/bin/../lib/gcc/avr/4.3.3/avr5\libgcc.a(_prologue.o)
 .data          0x008002a6        0x0 c:/winavr-20100110/bin/../lib/gcc/avr/4.3.3/avr5\libgcc.a(_epilogue.o)
 *(.data*)
 *(.rodata)
 *(.rodata*)
 *(.gnu.linkonce.d*)
                0x008002a6                . = ALIGN (0x2)
                0x008002a6                _edata = .
                0x008002a6                PROVIDE (__data_end, .)

.bss            0x008002a6       0x89
                0x008002a6                PROVIDE (__bss_start, .)
 *(.bss)
 .bss           0x008002a6        0x0 c:/winavr-20100110/bin/../lib/gcc/avr/4.3.3/../../../../avr/lib/avr5/crtm328p.o
 .bss           0x008002a6        0x0 ./spi/spi.o
 .bss           0x008002a6        0x0 ./pcf8574/pcf8574.o
 .bss           0x008002a6        0x0 ./nrf24l01/nrf24l01.o
 .bss           0x008002a6        0x0 ./netlayer/netlayer.o
 .bss           0x008002a6        0x1 ./lcdpcf8574_PL/lcdpcf8574_PL.o
                0x008002a6                dataport
 .bss           0x008002a7        0x0 ./komunikacja/komunikacja.o
 .bss           0x008002a7        0x0 ./i2chw/twimaster.o
 .bss           0x008002a7        0x0 ./ds18b20/ds18b20.o
 .bss           0x008002a7        0x0 ./ds18b20/onewire.o
 .bss           0x008002a7        0x0 ./ESP8266/esp8266.o
 .bss           0x008002a7        0x2 ./main.o
                0x008002a7                my_eeprom_byte
 .bss           0x008002a9       0x45 ./uart.o
 .bss           0x008002ee        0x0 c:/winavr-20100110/bin/../lib/gcc/avr/4.3.3/avr5\libgcc.a(_divmodhi4.o)
 .bss           0x008002ee        0x0 c:/winavr-20100110/bin/../lib/gcc/avr/4.3.3/avr5\libgcc.a(_exit.o)
 .bss           0x008002ee        0x0 c:/winavr-20100110/bin/../lib/gcc/avr/4.3.3/avr5\libgcc.a(_copy_data.o)
 .bss           0x008002ee        0x0 c:/winavr-20100110/bin/../lib/gcc/avr/4.3.3/avr5\libgcc.a(_clear_bss.o)
 .bss           0x008002ee        0x0 c:/winavr-20100110/bin/../lib/gcc/avr/4.3.3/avr5\libgcc.a(_udivmodhi4.o)
 .bss           0x008002ee        0x0 c:/winavr-20100110/bin/../lib/gcc/avr/4.3.3/../../../../avr/lib/avr5\libc.a(strstr.o)
 .bss           0x008002ee        0x0 c:/winavr-20100110/bin/../lib/gcc/avr/4.3.3/../../../../avr/lib/avr5\libc.a(itoa.o)
 .bss           0x008002ee        0x0 c:/winavr-20100110/bin/../lib/gcc/avr/4.3.3/../../../../avr/lib/avr5\libc.a(sprintf.o)
 .bss           0x008002ee        0x0 c:/winavr-20100110/bin/../lib/gcc/avr/4.3.3/../../../../avr/lib/avr5\libc.a(vfprintf_std.o)
 .bss           0x008002ee        0x0 c:/winavr-20100110/bin/../lib/gcc/avr/4.3.3/../../../../avr/lib/avr5\libc.a(eerd_byte_atmega328p.o)
 .bss           0x008002ee        0x0 c:/winavr-20100110/bin/../lib/gcc/avr/4.3.3/../../../../avr/lib/avr5\libc.a(strnlen_P.o)
 .bss           0x008002ee        0x0 c:/winavr-20100110/bin/../lib/gcc/avr/4.3.3/../../../../avr/lib/avr5\libc.a(strnlen.o)
 .bss           0x008002ee        0x0 c:/winavr-20100110/bin/../lib/gcc/avr/4.3.3/../../../../avr/lib/avr5\libc.a(strrev.o)
 .bss           0x008002ee        0x0 c:/winavr-20100110/bin/../lib/gcc/avr/4.3.3/../../../../avr/lib/avr5\libc.a(fputc.o)
 .bss           0x008002ee        0x0 c:/winavr-20100110/bin/../lib/gcc/avr/4.3.3/../../../../avr/lib/avr5\libc.a(ultoa_invert.o)
 .bss           0x008002ee        0x0 c:/winavr-20100110/bin/../lib/gcc/avr/4.3.3/avr5\libgcc.a(_prologue.o)
 .bss           0x008002ee        0x0 c:/winavr-20100110/bin/../lib/gcc/avr/4.3.3/avr5\libgcc.a(_epilogue.o)
 *(.bss*)
 *(COMMON)
 COMMON         0x008002ee        0x8 ./pcf8574/pcf8574.o
                0x008002ee                pcf8574_pinstatus
 COMMON         0x008002f6        0x5 ./netlayer/netlayer.o
                0x008002f6                rejestr
 COMMON         0x008002fb       0x34 ./main.o
                0x008002fb                temp1_n
                0x008002fc                moj_adres
                0x008002fd                temp1_d
                0x008002fe                obcy_adres
                0x008002ff                temp2
                0x00800300                temp2_n
                0x00800301                bufferin
                0x00800307                licznik_k
                0x00800309                temp
                0x0080030b                numer_seryjny
                0x00800313                czy_on
                0x00800314                znak2
                0x00800318                temp1
                0x00800319                czy_noc
                0x0080031a                odt
                0x0080031b                bufferout
                0x0080031d                licznik
                0x0080031f                histereza
                0x00800320                temp2_d
                0x00800321                keyb
                0x00800325                ds18b20_pad
                0x0080032e                odb
                0x0080032f                PROVIDE (__bss_end, .)
                0x00002cea                __data_load_start = LOADADDR (.data)
                0x00002e90                __data_load_end = (__data_load_start + SIZEOF (.data))

.noinit         0x0080032f        0x0
                0x0080032f                PROVIDE (__noinit_start, .)
 *(.noinit*)
                0x0080032f                PROVIDE (__noinit_end, .)
                0x0080032f                _end = .
                0x0080032f                PROVIDE (__heap_start, .)

.eeprom         0x00810000        0x0
 *(.eeprom*)
                0x00810000                __eeprom_end = .

.fuse
 *(.fuse)
 *(.lfuse)
 *(.hfuse)
 *(.efuse)

.lock
 *(.lock*)

.signature
 *(.signature*)

.stab
 *(.stab)

.stabstr
 *(.stabstr)

.stab.excl
 *(.stab.excl)

.stab.exclstr
 *(.stab.exclstr)

.stab.index
 *(.stab.index)

.stab.indexstr
 *(.stab.indexstr)

.comment
 *(.comment)

.debug
 *(.debug)

.line
 *(.line)

.debug_srcinfo
 *(.debug_srcinfo)

.debug_sfnames
 *(.debug_sfnames)

.debug_aranges
 *(.debug_aranges)

.debug_pubnames
 *(.debug_pubnames)

.debug_info
 *(.debug_info)
 *(.gnu.linkonce.wi.*)

.debug_abbrev
 *(.debug_abbrev)

.debug_line
 *(.debug_line)

.debug_frame
 *(.debug_frame)

.debug_str
 *(.debug_str)

.debug_loc
 *(.debug_loc)

.debug_macinfo
 *(.debug_macinfo)
OUTPUT(projekt_33_nRF24L01_LCDi2c_ATM328P_nowe_podejscie.elf elf32-avr)
LOAD linker stubs
